../Core/Src/main.c:85:5:__io_putchar	16	static
../Core/Src/main.c:90:6:read_and_decode_sensors	32	static
../Core/Src/main.c:123:5:print_sensors	168	static
../Core/Src/main.c:209:5:main	104	static
../Core/Src/main.c:299:6:SystemClock_Config	96	static
../Core/Src/main.c:344:13:MX_SPI1_Init	8	static
../Core/Src/main.c:384:13:MX_TIM1_Init	112	static
../Core/Src/main.c:464:13:MX_TIM2_Init	64	static
../Core/Src/main.c:523:13:MX_USART1_UART_Init	8	static
../Core/Src/main.c:558:13:MX_USART2_UART_Init	8	static
../Core/Src/main.c:591:13:MX_DMA_Init	16	static
../Core/Src/main.c:612:13:MX_GPIO_Init	40	static
../Core/Src/main.c:657:6:Error_Handler	4	static,ignoring_inline_asm
